19:29:14 run 20261005T192914Z-slang-benchmark -> /root/slang/bench/results/20261005T192914Z-slang-benchmark
19:29:14 cpus: server=0-3 (4) loadgen=4-5 (2) db=6-7
19:29:16 building: slang go rust java node
19:31:52 built: slang go rust java node
19:31:52 seeding database: users=1000000 orders=20000000 (this takes a while at full scale)
Time: 9777.415 ms (00:09.777)
Time: 202902.980 ms (03:22.903)
  setval  
----------
 20000000
(1 row)

Time: 2.241 ms
Time: 58500.030 ms (00:58.500)
Time: 769.356 ms
Time: 773.683 ms
psql:bench/suite/db/seed.sql:33: NOTICE:  relation "bench_meta" already exists, skipping
Time: 1.125 ms
Time: 1.332 ms
19:36:25 generating /root/slang/bench/.data/batch_100000000_5000000.csv
19:38:11 conformance api/slang
19:38:20 correctness batch/slang
19:38:24 conformance api/go
19:38:34 correctness batch/go
19:38:35 conformance api/rust
19:38:44 correctness batch/rust
19:38:45 conformance api/java
19:38:58 correctness batch/java
19:39:00 conformance api/node
19:39:11 correctness batch/node
19:39:19 light http go round 1 c=50
19:39:34 light http go round 1 c=200
19:39:50 light http rust round 1 c=50
19:40:06 light http rust round 1 c=200
19:40:23 light http java round 1 c=50
19:40:38 light http java round 1 c=200
19:40:55 light http node round 1 c=50
19:41:11 light http node round 1 c=200
19:41:28 light http slang round 1 c=50
19:41:43 light http slang round 1 c=200
19:41:59 light http rust round 2 c=50
19:42:15 light http rust round 2 c=200
19:42:32 light http java round 2 c=50
19:42:47 light http java round 2 c=200
19:43:04 light http node round 2 c=50
19:43:20 light http node round 2 c=200
19:43:36 light http slang round 2 c=50
19:43:52 light http slang round 2 c=200
19:44:08 light http go round 2 c=50
19:44:24 light http go round 2 c=200
19:44:40 light http java round 3 c=50
19:44:56 light http java round 3 c=200
19:45:13 light http node round 3 c=50
19:45:29 light http node round 3 c=200
19:45:45 light http slang round 3 c=50
19:46:01 light http slang round 3 c=200
19:46:17 light http go round 3 c=50
19:46:33 light http go round 3 c=200
19:46:49 light http rust round 3 c=50
19:47:05 light http rust round 3 c=200
19:47:21 light compute go round 1
19:47:33 light compute rust round 1
19:47:44 light compute java round 1
19:47:55 light compute node round 1
19:48:05 light compute slang round 1
19:48:17 light compute rust round 2
19:48:28 light compute java round 2
19:48:39 light compute node round 2
19:48:50 light compute slang round 2
19:49:02 light compute go round 2
19:49:14 light compute java round 3
19:49:25 light compute node round 3
19:49:36 light compute slang round 3
19:49:48 light compute go round 3
19:50:00 light compute rust round 3
19:50:14 heavy api go round 1 warm-up 10s
19:50:25 heavy api go round 1 mix c=64
19:50:45 heavy api go round 1 mix c=512
19:51:06 heavy api go round 1 point c=64
19:51:27 heavy api go round 1 point c=512
19:51:47 heavy api go round 1 quote c=64
19:52:08 heavy api go round 1 quote c=512
19:52:29 heavy api go round 1 mix fixed rate 2000/s
19:52:49 heavy api go round 1 mix fixed rate 10000/s
19:53:22 heavy api rust round 1 warm-up 10s
19:53:32 heavy api rust round 1 mix c=64
19:53:53 heavy api rust round 1 mix c=512
19:54:14 heavy api rust round 1 point c=64
19:54:34 heavy api rust round 1 point c=512
19:54:55 heavy api rust round 1 quote c=64
19:55:15 heavy api rust round 1 quote c=512
19:55:36 heavy api rust round 1 mix fixed rate 2000/s
19:55:56 heavy api rust round 1 mix fixed rate 10000/s
19:56:32 heavy api java round 1 warm-up 10s
19:56:42 heavy api java round 1 mix c=64
19:57:03 heavy api java round 1 mix c=512
19:57:23 heavy api java round 1 point c=64
19:57:44 heavy api java round 1 point c=512
19:58:04 heavy api java round 1 quote c=64
19:58:25 heavy api java round 1 quote c=512
19:58:45 heavy api java round 1 mix fixed rate 2000/s
19:59:06 heavy api java round 1 mix fixed rate 10000/s
19:59:39 heavy api node round 1 warm-up 10s
19:59:49 heavy api node round 1 mix c=64
20:00:10 heavy api node round 1 mix c=512
20:00:31 heavy api node round 1 point c=64
20:00:51 heavy api node round 1 point c=512
20:01:12 heavy api node round 1 quote c=64
20:01:33 heavy api node round 1 quote c=512
20:01:54 heavy api node round 1 mix fixed rate 2000/s
20:02:14 heavy api node round 1 mix fixed rate 10000/s
20:02:45 heavy api slang round 1 warm-up 10s
20:02:55 heavy api slang round 1 mix c=64
20:03:16 heavy api slang round 1 mix c=512
20:03:36 heavy api slang round 1 point c=64
20:03:36 heavy api slang round 1 point c=512
20:03:37 heavy api slang round 1 quote c=64
20:03:37 heavy api slang round 1 quote c=512
20:03:37 heavy api slang round 1 mix fixed rate 2000/s
20:03:37 heavy api slang round 1 mix fixed rate 10000/s
20:03:42 heavy api rust round 2 warm-up 10s
20:03:52 heavy api rust round 2 mix c=64
20:04:13 heavy api rust round 2 mix c=512
20:04:34 heavy api rust round 2 point c=64
20:04:54 heavy api rust round 2 point c=512
20:05:15 heavy api rust round 2 quote c=64
20:05:36 heavy api rust round 2 quote c=512
20:05:57 heavy api rust round 2 mix fixed rate 2000/s
20:06:17 heavy api rust round 2 mix fixed rate 10000/s
20:06:53 heavy api java round 2 warm-up 10s
20:07:03 heavy api java round 2 mix c=64
20:07:24 heavy api java round 2 mix c=512
20:07:45 heavy api java round 2 point c=64
20:08:06 heavy api java round 2 point c=512
20:08:27 heavy api java round 2 quote c=64
20:08:47 heavy api java round 2 quote c=512
20:09:08 heavy api java round 2 mix fixed rate 2000/s
20:09:29 heavy api java round 2 mix fixed rate 10000/s
20:10:02 heavy api node round 2 warm-up 10s
20:10:13 heavy api node round 2 mix c=64
20:10:33 heavy api node round 2 mix c=512
20:10:54 heavy api node round 2 point c=64
20:11:15 heavy api node round 2 point c=512
20:11:35 heavy api node round 2 quote c=64
20:11:56 heavy api node round 2 quote c=512
20:12:17 heavy api node round 2 mix fixed rate 2000/s
20:12:38 heavy api node round 2 mix fixed rate 10000/s
20:13:08 heavy api slang round 2 warm-up 10s
20:13:18 heavy api slang round 2 mix c=64
20:13:39 heavy api slang round 2 mix c=512
20:14:00 heavy api slang round 2 point c=64
20:14:21 heavy api slang round 2 point c=512
20:14:42 heavy api slang round 2 quote c=64
20:15:02 heavy api slang round 2 quote c=512
20:15:23 heavy api slang round 2 mix fixed rate 2000/s
20:15:43 heavy api slang round 2 mix fixed rate 10000/s
20:16:15 heavy api go round 2 warm-up 10s
20:16:25 heavy api go round 2 mix c=64
20:16:46 heavy api go round 2 mix c=512
20:17:06 heavy api go round 2 point c=64
20:17:27 heavy api go round 2 point c=512
20:17:48 heavy api go round 2 quote c=64
20:18:08 heavy api go round 2 quote c=512
20:18:29 heavy api go round 2 mix fixed rate 2000/s
20:18:49 heavy api go round 2 mix fixed rate 10000/s
20:19:24 heavy api java round 3 warm-up 10s
20:19:35 heavy api java round 3 mix c=64
20:19:55 heavy api java round 3 mix c=512
20:20:16 heavy api java round 3 point c=64
20:20:37 heavy api java round 3 point c=512
20:20:57 heavy api java round 3 quote c=64
20:21:18 heavy api java round 3 quote c=512
20:21:39 heavy api java round 3 mix fixed rate 2000/s
20:21:59 heavy api java round 3 mix fixed rate 10000/s
20:22:33 heavy api node round 3 warm-up 10s
20:22:43 heavy api node round 3 mix c=64
20:23:04 heavy api node round 3 mix c=512
20:23:24 heavy api node round 3 point c=64
20:23:45 heavy api node round 3 point c=512
20:24:06 heavy api node round 3 quote c=64
20:24:26 heavy api node round 3 quote c=512
20:24:47 heavy api node round 3 mix fixed rate 2000/s
20:25:08 heavy api node round 3 mix fixed rate 10000/s
20:25:39 heavy api slang round 3 warm-up 10s
20:25:49 heavy api slang round 3 mix c=64
20:26:09 heavy api slang round 3 mix c=512
20:26:30 heavy api slang round 3 point c=64
20:26:51 heavy api slang round 3 point c=512
20:27:12 heavy api slang round 3 quote c=64
20:27:32 heavy api slang round 3 quote c=512
20:27:53 heavy api slang round 3 mix fixed rate 2000/s
20:28:13 heavy api slang round 3 mix fixed rate 10000/s
20:28:47 heavy api go round 3 warm-up 10s
20:28:57 heavy api go round 3 mix c=64
20:29:18 heavy api go round 3 mix c=512
20:29:38 heavy api go round 3 point c=64
20:29:59 heavy api go round 3 point c=512
20:30:20 heavy api go round 3 quote c=64
20:30:41 heavy api go round 3 quote c=512
20:31:01 heavy api go round 3 mix fixed rate 2000/s
20:31:22 heavy api go round 3 mix fixed rate 10000/s
20:31:54 heavy api rust round 3 warm-up 10s
20:32:04 heavy api rust round 3 mix c=64
20:32:25 heavy api rust round 3 mix c=512
20:32:45 heavy api rust round 3 point c=64
20:33:06 heavy api rust round 3 point c=512
20:33:27 heavy api rust round 3 quote c=64
20:33:47 heavy api rust round 3 quote c=512
20:34:08 heavy api rust round 3 mix fixed rate 2000/s
20:34:29 heavy api rust round 3 mix fixed rate 10000/s
20:34:50 warming the page cache with /root/slang/bench/.data/batch_100000000_5000000.csv
20:34:51 heavy batch go round 1
20:35:52 heavy batch rust round 1
20:36:15 heavy batch java round 1
20:36:49 heavy batch node round 1
20:39:27 heavy batch slang round 1
20:42:17 heavy batch rust round 2
20:42:39 heavy batch java round 2
20:43:12 heavy batch node round 2
20:45:46 heavy batch slang round 2
20:48:53 heavy batch go round 2
20:49:52 heavy batch java round 3
20:50:26 heavy batch node round 3
20:52:57 heavy batch slang round 3
20:55:36 heavy batch go round 3
20:56:37 heavy batch rust round 3
20:56:59 measurements done; writing results.json and summary.md
wrote /root/slang/bench/results/20261005T192914Z-slang-benchmark/results.json and summary.md (180 measurements)
20:56:59 done: /root/slang/bench/results/20261005T192914Z-slang-benchmark
